  … 2000/398645 committed
  … 4000/398645 committed
  … 5000/398645 processed
  … 8000/398645 committed
  … 10000/398645 committed
  … 10000/398645 processed
  … 12000/398645 committed
  … 14000/398645 committed
  … 15000/398645 processed
  … 16000/398645 committed
Traceback (most recent call last):
  File "/home/plex/Documents/github/ourMedia/scripts/backfill_genres.py", line 199, in <module>
    raise SystemExit(main())
                     ~~~~^^
  File "/home/plex/Documents/github/ourMedia/scripts/backfill_genres.py", line 175, in main
    conn.execute(
    ~~~~~~~~~~~~^
        'UPDATE songs_cache SET genre = ?, year = ? WHERE path = ?',
        ^^^^^^^^^^^^^^^^^^^^^^^^^^^^^^^^^^^^^^^^^^^^^^^^^^^^^^^^^^^^
        (new_genre or None, new_year or None, path),
        ^^^^^^^^^^^^^^^^^^^^^^^^^^^^^^^^^^^^^^^^^^^^
    )
    ^
sqlite3.OperationalError: database is locked
  … 2000/385892 committed
  … 4000/385892 committed
  … 5000/385892 processed
  … 6000/385892 committed
  … 8000/385892 committed
  … 10000/385892 committed
  … 10000/385892 processed
  … 12000/385892 committed
  … 14000/385892 committed
  … 15000/385892 processed
  … 16000/385892 committed
  … 18000/385892 committed
  … 20000/385892 committed
  … 20000/385892 processed
  … 22000/385892 committed
  … 24000/385892 committed
  … 25000/385892 processed
  … 26000/385892 committed
  … 28000/385892 committed
  … 30000/385892 committed
  … 30000/385892 processed
  … 32000/385892 committed
  … 34000/385892 committed
  … 35000/385892 processed
  … 36000/385892 committed
  … 38000/385892 committed
  … 40000/385892 committed
  … 40000/385892 processed
  … 42000/385892 committed
  … 44000/385892 committed
  … 45000/385892 processed
  … 46000/385892 committed
  … 48000/385892 committed
  … 52000/385892 committed
  … 54000/385892 committed
  … 55000/385892 processed
  … 56000/385892 committed
  … 58000/385892 committed
  … 60000/385892 committed
  … 60000/385892 processed
  … 62000/385892 committed
  … 64000/385892 committed
  … 65000/385892 processed
  … 66000/385892 committed
  … 68000/385892 committed
  … 70000/385892 committed
  … 70000/385892 processed
  … 72000/385892 committed
  … 74000/385892 committed
  … 75000/385892 processed
  … 76000/385892 committed
  … 78000/385892 committed
  … 80000/385892 committed
  … 80000/385892 processed
  … 82000/385892 committed
  … 84000/385892 committed
  … 85000/385892 processed
  … 86000/385892 committed
  … 88000/385892 committed
  … 90000/385892 committed
  … 90000/385892 processed
  … 92000/385892 committed
  … 94000/385892 committed
  … 95000/385892 processed
  … 96000/385892 committed
  … 98000/385892 committed
  … 100000/385892 committed
  … 100000/385892 processed
  … 102000/385892 committed
  … 104000/385892 committed
  … 105000/385892 processed
  … 106000/385892 committed
  … 108000/385892 committed
  … 110000/385892 committed
  … 110000/385892 processed
  … 112000/385892 committed
  … 114000/385892 committed
  … 115000/385892 processed
  … 116000/385892 committed
  … 118000/385892 committed
  … 120000/385892 committed
  … 120000/385892 processed
  … 122000/385892 committed
  … 124000/385892 committed
  … 125000/385892 processed
  … 126000/385892 committed
  … 128000/385892 committed
  … 130000/385892 committed
  … 130000/385892 processed
  … 132000/385892 committed
  … 134000/385892 committed
  … 135000/385892 processed
  … 136000/385892 committed
  … 138000/385892 committed
  … 140000/385892 committed
  … 140000/385892 processed
  … 142000/385892 committed
  … 144000/385892 committed
  … 145000/385892 processed
  … 146000/385892 committed
  … 148000/385892 committed
  … 150000/385892 committed
  … 150000/385892 processed
  … 152000/385892 committed
  … 154000/385892 committed
  … 155000/385892 processed
  … 156000/385892 committed
  … 158000/385892 committed
  … 160000/385892 committed
  … 160000/385892 processed
  … 164000/385892 committed
  … 165000/385892 processed
  … 166000/385892 committed
  … 168000/385892 committed
  … 170000/385892 committed
  … 170000/385892 processed
  … 172000/385892 committed
  … 174000/385892 committed
  … 175000/385892 processed
  … 176000/385892 committed
  … 178000/385892 committed
  … 180000/385892 committed
  … 180000/385892 processed
  … 182000/385892 committed
  … 184000/385892 committed
  … 185000/385892 processed
  … 188000/385892 committed
  … 190000/385892 committed
  … 190000/385892 processed
  … 192000/385892 committed
  … 194000/385892 committed
  … 196000/385892 committed
  … 200000/385892 committed
  … 200000/385892 processed
  … 204000/385892 committed
  … 205000/385892 processed
  … 208000/385892 committed
  … 210000/385892 committed
  … 210000/385892 processed
  … 212000/385892 committed
  … 214000/385892 committed
  … 215000/385892 processed
  … 216000/385892 committed
  … 218000/385892 committed
  … 220000/385892 committed
  … 220000/385892 processed
  … 224000/385892 committed
  … 225000/385892 processed
  … 226000/385892 committed
  … 228000/385892 committed
  … 230000/385892 committed
  … 230000/385892 processed
  … 232000/385892 committed
  … 234000/385892 committed
  … 236000/385892 committed
  … 238000/385892 committed
  … 240000/385892 committed
  … 240000/385892 processed
  … 242000/385892 committed
  … 244000/385892 committed
  … 245000/385892 processed
  … 246000/385892 committed
  … 248000/385892 committed
  … 250000/385892 committed
  … 250000/385892 processed
  … 252000/385892 committed
  … 254000/385892 committed
  … 256000/385892 committed
  … 258000/385892 committed
  … 260000/385892 committed
  … 260000/385892 processed
  … 262000/385892 committed
  … 264000/385892 committed
  … 265000/385892 processed
  … 266000/385892 committed
  … 268000/385892 committed
  … 270000/385892 committed
  … 270000/385892 processed
  … 272000/385892 committed
  … 274000/385892 committed
  … 275000/385892 processed
  … 276000/385892 committed
  … 278000/385892 committed
  … 282000/385892 committed
  … 284000/385892 committed
  … 285000/385892 processed
  … 288000/385892 committed
  … 290000/385892 committed
  … 290000/385892 processed
  … 292000/385892 committed
  … 294000/385892 committed
  … 295000/385892 processed
  … 296000/385892 committed
  … 298000/385892 committed
  … 300000/385892 committed
  … 300000/385892 processed
  … 302000/385892 committed
  … 304000/385892 committed
  … 305000/385892 processed
  … 306000/385892 committed
  … 308000/385892 committed
  … 310000/385892 committed
  … 310000/385892 processed
  … 312000/385892 committed
  … 314000/385892 committed
  … 315000/385892 processed
  … 316000/385892 committed
  … 318000/385892 committed
  … 320000/385892 committed
  … 320000/385892 processed
  … 322000/385892 committed
  … 324000/385892 committed
  … 325000/385892 processed
  … 326000/385892 committed
  … 328000/385892 committed
  … 330000/385892 committed
  … 330000/385892 processed
  … 332000/385892 committed
  … 334000/385892 committed
  … 335000/385892 processed
  … 336000/385892 committed
  … 338000/385892 committed
  … 340000/385892 committed
  … 340000/385892 processed
  … 342000/385892 committed
  … 344000/385892 committed
  … 345000/385892 processed
  … 346000/385892 committed
  … 348000/385892 committed
  … 350000/385892 committed
  … 350000/385892 processed
  … 352000/385892 committed
  … 354000/385892 committed
  … 355000/385892 processed
  … 356000/385892 committed
  … 358000/385892 committed
  … 360000/385892 committed
  … 360000/385892 processed
  … 362000/385892 committed
done: updated=339963 genre_from_file=274423 year_from_file=339909 no_tags=45906 skipped=0 missing_file=23 dry_run=False
